Archive member included to satisfy reference by file (symbol)

./out/lib/ext_drivers.a(cr_startup_lpc43xx.o)
                              ./out/obj/vector.o (ResetISR)
./out/lib/ext_drivers.a(sysinit.o)
                              ./out/lib/ext_drivers.a(cr_startup_lpc43xx.o) (SystemInit)
./out/lib/ext_drivers.a(chip_18xx_43xx.o)
                              ./out/obj/main.o (SystemCoreClock)
./out/lib/ext_drivers.a(gpio_18xx_43xx.o)
                              ./out/obj/lcd.o (Chip_GPIO_Init)
./out/lib/ext_drivers.a(sysinit_18xx_43xx.o)
                              ./out/lib/ext_drivers.a(sysinit.o) (Chip_SystemInit)
./out/lib/ext_drivers.a(fpu_init.o)
                              ./out/lib/ext_drivers.a(sysinit.o) (fpuInit)
./out/lib/ext_drivers.a(clock_18xx_43xx.o)
                              ./out/lib/ext_drivers.a(chip_18xx_43xx.o) (Chip_Clock_GetClockInputHz)
/usr/bin/../lib/gcc/arm-none-eabi/7.3.1/../../../../arm-none-eabi/lib/thumb/v7e-m/fpv4-sp/softfp/libc.a(lib_a-memset.o)
                              ./out/lib/ext_drivers.a(clock_18xx_43xx.o) (memset)

Allocating common symbols
Common symbol       size              file

SystemCoreClock     0x4               ./out/lib/ext_drivers.a(chip_18xx_43xx.o)

Discarded input sections

 .group         0x0000000000000000        0xc ./out/obj/lcd.o
 .group         0x0000000000000000        0xc ./out/obj/lcd.o
 .group         0x0000000000000000        0xc ./out/obj/lcd.o
 .group         0x0000000000000000        0xc ./out/obj/lcd.o
 .group         0x0000000000000000        0xc ./out/obj/lcd.o
 .group         0x0000000000000000        0xc ./out/obj/lcd.o
 .group         0x0000000000000000        0xc ./out/obj/lcd.o
 .group         0x0000000000000000        0xc ./out/obj/lcd.o
 .group         0x0000000000000000        0xc ./out/obj/lcd.o
 .group         0x0000000000000000        0xc ./out/obj/lcd.o
 .group         0x0000000000000000        0xc ./out/obj/lcd.o
 .group         0x0000000000000000        0xc ./out/obj/lcd.o
 .group         0x0000000000000000        0xc ./out/obj/lcd.o
 .group         0x0000000000000000        0xc ./out/obj/lcd.o
 .group         0x0000000000000000        0xc ./out/obj/lcd.o
 .group         0x0000000000000000        0xc ./out/obj/lcd.o
 .group         0x0000000000000000        0xc ./out/obj/lcd.o
 .group         0x0000000000000000        0xc ./out/obj/lcd.o
 .group         0x0000000000000000        0xc ./out/obj/lcd.o
 .group         0x0000000000000000        0xc ./out/obj/lcd.o
 .group         0x0000000000000000        0xc ./out/obj/lcd.o
 .group         0x0000000000000000        0xc ./out/obj/lcd.o
 .group         0x0000000000000000        0xc ./out/obj/lcd.o
 .group         0x0000000000000000        0xc ./out/obj/lcd.o
 .group         0x0000000000000000        0xc ./out/obj/lcd.o
 .group         0x0000000000000000        0xc ./out/obj/lcd.o
 .group         0x0000000000000000        0xc ./out/obj/lcd.o
 .group         0x0000000000000000        0xc ./out/obj/lcd.o
 .group         0x0000000000000000        0xc ./out/obj/lcd.o
 .group         0x0000000000000000        0xc ./out/obj/lcd.o
 .group         0x0000000000000000        0xc ./out/obj/lcd.o
 .group         0x0000000000000000        0xc ./out/obj/lcd.o
 .group         0x0000000000000000        0xc ./out/obj/lcd.o
 .group         0x0000000000000000        0xc ./out/obj/lcd.o
 .group         0x0000000000000000        0xc ./out/obj/lcd.o
 .group         0x0000000000000000        0xc ./out/obj/lcd.o
 .group         0x0000000000000000        0xc ./out/obj/lcd.o
 .group         0x0000000000000000        0xc ./out/obj/lcd.o
 .group         0x0000000000000000        0xc ./out/obj/lcd.o
 .group         0x0000000000000000        0xc ./out/obj/lcd.o
 .group         0x0000000000000000        0xc ./out/obj/lcd.o
 .group         0x0000000000000000        0xc ./out/obj/lcd.o
 .group         0x0000000000000000        0xc ./out/obj/lcd.o
 .group         0x0000000000000000        0xc ./out/obj/lcd.o
 .group         0x0000000000000000        0xc ./out/obj/lcd.o
 .group         0x0000000000000000        0xc ./out/obj/lcd.o
 .group         0x0000000000000000        0xc ./out/obj/lcd.o
 .group         0x0000000000000000        0xc ./out/obj/lcd.o
 .group         0x0000000000000000        0xc ./out/obj/lcd.o
 .group         0x0000000000000000        0xc ./out/obj/lcd.o
 .group         0x0000000000000000        0xc ./out/obj/lcd.o
 .group         0x0000000000000000        0xc ./out/obj/lcd.o
 .group         0x0000000000000000        0xc ./out/obj/lcd.o
 .group         0x0000000000000000        0xc ./out/obj/lcd.o
 .text          0x0000000000000000        0x0 ./out/obj/lcd.o
 .data          0x0000000000000000        0x0 ./out/obj/lcd.o
 .bss           0x0000000000000000        0x0 ./out/obj/lcd.o
 .text.LCD_display_on
                0x0000000000000000       0x28 ./out/obj/lcd.o
 .text.LCD_display_off
                0x0000000000000000       0x28 ./out/obj/lcd.o
 .text.LCD_cursor_on
[...]
Memory Configuration

Name             Origin             Length             Attributes
MFlashA512       0x000000001a000000 0x0000000000080000 xr
MFlashB512       0x000000001b000000 0x0000000000080000 xr
RamLoc32         0x0000000010000000 0x0000000000008000 xrw
RamLoc40         0x0000000010080000 0x000000000000a000 xrw
RamAHB32         0x0000000020000000 0x0000000000008000 xrw
RamAHB16         0x0000000020008000 0x0000000000004000 xrw
RamAHB_ETB16     0x000000002000c000 0x0000000000004000 xrw
*default*        0x0000000000000000 0xffffffffffffffff

Linker script and memory map

LOAD ./out/obj/lcd.o
LOAD ./out/obj/main.o
LOAD ./out/obj/vector.o
LOAD ./out/obj/reloj.o
LOAD ./out/obj/crp.o
START GROUP
LOAD ./out/lib/ext_drivers.a
LOAD ./out/lib/ext_base.a
END GROUP
START GROUP
LOAD /usr/bin/../lib/gcc/arm-none-eabi/7.3.1/thumb/v7e-m/fpv4-sp/softfp/libgcc.a
LOAD /usr/bin/../lib/gcc/arm-none-eabi/7.3.1/../../../../arm-none-eabi/lib/thumb/v7e-m/fpv4-sp/softfp/libc.a
LOAD /usr/bin/../lib/gcc/arm-none-eabi/7.3.1/../../../../arm-none-eabi/lib/thumb/v7e-m/fpv4-sp/softfp/libm.a
END GROUP
                0x000000001a080000                __top_MFlashA512 = 0x1a080000
                0x000000001b080000                __top_MFlashB512 = 0x1b080000
                0x0000000010008000                __top_RamLoc32 = 0x10008000
                0x000000001008a000                __top_RamLoc40 = 0x1008a000
                0x0000000020008000                __top_RamAHB32 = 0x20008000
                0x000000002000c000                __top_RamAHB16 = 0x2000c000
                0x0000000020010000                __top_RamAHB_ETB16 = 0x20010000

.text_Flash2    0x000000001b000000        0x0
 FILL mask 0xff
 *(.text_Flash2*)
 *(.text_MFlashB512*)
 *(.text.$Flash2*)
 *(.text.$MFlashB512*)
 *(.rodata.$Flash2*)
 *(.rodata.$MFlashB512*)

.text           0x000000001a000000     0x1878
 FILL mask 0xff
                0x000000001a000000                __vectors_start__ = ABSOLUTE (.)
 *(.isr_vector)
 .isr_vector    0x000000001a000000      0x114 ./out/obj/vector.o
                0x000000001a000000                g_pfnVectors
                0x000000001a000114                . = ALIGN (0x4)
                0x000000001a000114                __section_table_start = .
                0x000000001a000114                __data_section_table = .
                0x000000001a000114        0x4 LONG 0x1a001878 LOADADDR (.data)
                0x000000001a000118        0x4 LONG 0x10000000 ADDR (.data)
                0x000000001a00011c        0x4 LONG 0xc SIZEOF (.data)
                0x000000001a000120        0x4 LONG 0x1a001878 LOADADDR (.data_RAM2)
                0x000000001a000124        0x4 LONG 0x10080000 ADDR (.data_RAM2)
                0x000000001a000128        0x4 LONG 0x0 SIZEOF (.data_RAM2)
                0x000000001a00012c        0x4 LONG 0x1a001878 LOADADDR (.data_RAM3)
                0x000000001a000130        0x4 LONG 0x20000000 ADDR (.data_RAM3)
                0x000000001a000134        0x4 LONG 0x0 SIZEOF (.data_RAM3)
                0x000000001a000138        0x4 LONG 0x1a001878 LOADADDR (.data_RAM4)
                0x000000001a00013c        0x4 LONG 0x20008000 ADDR (.data_RAM4)
                0x000000001a000140        0x4 LONG 0x0 SIZEOF (.data_RAM4)
                0x000000001a000144        0x4 LONG 0x1a001878 LOADADDR (.data_RAM5)
                0x000000001a000148        0x4 LONG 0x2000c000 ADDR (.data_RAM5)
                0x000000001a00014c        0x4 LONG 0x0 SIZEOF (.data_RAM5)
                0x000000001a000150                __data_section_table_end = .
                0x000000001a000150                __bss_section_table = .
                0x000000001a000150        0x4 LONG 0x1000000c ADDR (.bss)
                0x000000001a000154        0x4 LONG 0x2c SIZEOF (.bss)
                0x000000001a000158        0x4 LONG 0x10080000 ADDR (.bss_RAM2)
                0x000000001a00015c        0x4 LONG 0x0 SIZEOF (.bss_RAM2)
                0x000000001a000160        0x4 LONG 0x20000000 ADDR (.bss_RAM3)
                0x000000001a000164        0x4 LONG 0x0 SIZEOF (.bss_RAM3)
                0x000000001a000168        0x4 LONG 0x20008000 ADDR (.bss_RAM4)
                0x000000001a00016c        0x4 LONG 0x0 SIZEOF (.bss_RAM4)
                0x000000001a000170        0x4 LONG 0x2000c000 ADDR (.bss_RAM5)
                0x000000001a000174        0x4 LONG 0x0 SIZEOF (.bss_RAM5)
                0x000000001a000178                __bss_section_table_end = .
                0x000000001a000178                __section_table_end = .
 *(.after_vectors*)
 .after_vectors
                0x000000001a000178       0x3c ./out/obj/main.o
                0x000000001a000178                SysTick_Handler
 .after_vectors
                0x000000001a0001b4       0x30 ./out/obj/vector.o
 .after_vectors
                0x000000001a0001e4       0x7c ./out/lib/ext_drivers.a(cr_startup_lpc43xx.o)
                0x000000001a0001e4                data_init
                0x000000001a000228                bss_init
                0x00000000000002fc                . = 0x2fc
 *fill*         0x000000001a000260       0x9c ff
                0x000000001a0002fc                PROVIDE (__CRP_WORD_START__ = .)
 *(.crp)
 .crp           0x000000001a0002fc        0x4 ./out/obj/crp.o
                0x000000001a0002fc                CRP_WORD
                0x000000001a000300                PROVIDE (__CRP_WORD_END__ = .)
                0x0000000000000001                ASSERT (! ((__CRP_WORD_START__ == __CRP_WORD_END__)), Linker CRP Enabled, but no CRP_WORD provided within application)
 *(.text*)
 .text.Chip_SCU_PinMuxSet
                0x000000001a000300       0x34 ./out/obj/lcd.o
 .text.Chip_SCU_PinMux
                0x000000001a000334       0x3a ./out/obj/lcd.o
 .text.Chip_GPIO_SetPinState
                0x000000001a00036e       0x38 ./out/obj/lcd.o
 .text.Chip_GPIO_ClearValue
                0x000000001a0003a6       0x28 ./out/obj/lcd.o
 .text.LCD_delay_ms
                0x000000001a0003ce       0x86 ./out/obj/lcd.o
                0x000000001a0003ce                LCD_delay_ms
 .text.LCD_send_nibble
                0x000000001a000454       0xb4 ./out/obj/lcd.o
                0x000000001a000454                LCD_send_nibble
 .text.LCD_send_byte
                0x000000001a000508       0x78 ./out/obj/lcd.o
                0x000000001a000508                LCD_send_byte
 .text.LCD_init
                0x000000001a000580      0x17c ./out/obj/lcd.o
                0x000000001a000580                LCD_init
 .text.LCD_pos_xy
                0x000000001a0006fc       0x40 ./out/obj/lcd.o
                0x000000001a0006fc                LCD_pos_xy
 .text.LCD_write_char
                0x000000001a00073c       0x4c ./out/obj/lcd.o
                0x000000001a00073c                LCD_write_char
 .text.LCD_write_string
                0x000000001a000788       0x2a ./out/obj/lcd.o
                0x000000001a000788                LCD_write_string
 *fill*         0x000000001a0007b2        0x2 ff
 .text.NVIC_SetPriority
                0x000000001a0007b4       0x54 ./out/obj/main.o
 .text.SysTick_Config
                0x000000001a000808       0x44 ./out/obj/main.o
 .text.coreInit
                0x000000001a00084c       0x28 ./out/obj/main.o
 .text.boardInit
                0x000000001a000874       0x14 ./out/obj/main.o
                0x000000001a000874                boardInit
 .text.main     0x000000001a000888       0x50 ./out/obj/main.o
                0x000000001a000888                main
 .text.RELOJ_count
                0x000000001a0008d8       0x80 ./out/obj/reloj.o
                0x000000001a0008d8                RELOJ_count
 .text.RELOJ_get_hora
                0x000000001a000958       0xc8 ./out/obj/reloj.o
                0x000000001a000958                RELOJ_get_hora
 .text.ResetISR
                0x000000001a000a20       0xe4 ./out/lib/ext_drivers.a(cr_startup_lpc43xx.o)
                0x000000001a000a20                ResetISR
 .text.SystemInit
                0x000000001a000b04       0x20 ./out/lib/ext_drivers.a(sysinit.o)
                0x000000001a000b04                SystemInit
 .text.SystemCoreClockUpdate
                0x000000001a000b24       0x18 ./out/lib/ext_drivers.a(chip_18xx_43xx.o)
                0x000000001a000b24                SystemCoreClockUpdate
 .text.Chip_GPIO_Init
                0x000000001a000b3c       0x14 ./out/lib/ext_drivers.a(gpio_18xx_43xx.o)
                0x000000001a000b3c                Chip_GPIO_Init
 .text.Chip_GPIO_SetDir
                0x000000001a000b50       0x62 ./out/lib/ext_drivers.a(gpio_18xx_43xx.o)
                0x000000001a000b50                Chip_GPIO_SetDir
 *fill*         0x000000001a000bb2        0x2 ff
 .text.Chip_Clock_DisableMainPLL
                0x000000001a000bb4       0x20 ./out/lib/ext_drivers.a(sysinit_18xx_43xx.o)
 .text.Chip_Clock_SetupMainPLL
                0x000000001a000bd4       0x44 ./out/lib/ext_drivers.a(sysinit_18xx_43xx.o)
 .text.Chip_Clock_MainPLLLocked
                0x000000001a000c18       0x24 ./out/lib/ext_drivers.a(sysinit_18xx_43xx.o)
 .text.Chip_SetupCoreClock
                0x000000001a000c3c      0x15c ./out/lib/ext_drivers.a(sysinit_18xx_43xx.o)
                0x000000001a000c3c                Chip_SetupCoreClock
 .text.Chip_SetupIrcClocking
                0x000000001a000d98       0x18 ./out/lib/ext_drivers.a(sysinit_18xx_43xx.o)
                0x000000001a000d98                Chip_SetupIrcClocking
 .text.Chip_SystemInit
                0x000000001a000db0        0xc ./out/lib/ext_drivers.a(sysinit_18xx_43xx.o)
                0x000000001a000db0                Chip_SystemInit
 .text.fpuInit  0x000000001a000dbc       0x74 ./out/lib/ext_drivers.a(fpu_init.o)
                0x000000001a000dbc                fpuInit
 .text.ABS      0x000000001a000e30       0x22 ./out/lib/ext_drivers.a(clock_18xx_43xx.o)
 *fill*         0x000000001a000e52        0x2 ff
 .text.pll_calc_divs
                0x000000001a000e54      0x124 ./out/lib/ext_drivers.a(clock_18xx_43xx.o)
 .text.pll_get_frac
                0x000000001a000f78      0x176 ./out/lib/ext_drivers.a(clock_18xx_43xx.o)
 .text.Chip_Clock_GetDivRate
                0x000000001a0010ee       0x40 ./out/lib/ext_drivers.a(clock_18xx_43xx.o)
 *fill*         0x000000001a00112e        0x2 ff
 .text.Chip_Clock_FindBaseClock
                0x000000001a001130       0x90 ./out/lib/ext_drivers.a(clock_18xx_43xx.o)
 .text.Chip_Clock_EnableCrystal
                0x000000001a0011c0       0x70 ./out/lib/ext_drivers.a(clock_18xx_43xx.o)
                0x000000001a0011c0                Chip_Clock_EnableCrystal
 .text.Chip_Clock_CalcMainPLLValue
                0x000000001a001230       0xd8 ./out/lib/ext_drivers.a(clock_18xx_43xx.o)
                0x000000001a001230                Chip_Clock_CalcMainPLLValue
 .text.Chip_Clock_GetMainPLLHz
                0x000000001a001308       0xc0 ./out/lib/ext_drivers.a(clock_18xx_43xx.o)
                0x000000001a001308                Chip_Clock_GetMainPLLHz
 .text.Chip_Clock_GetDividerSource
                0x000000001a0013c8       0x40 ./out/lib/ext_drivers.a(clock_18xx_43xx.o)
                0x000000001a0013c8                Chip_Clock_GetDividerSource
 .text.Chip_Clock_GetDividerDivisor
                0x000000001a001408       0x38 ./out/lib/ext_drivers.a(clock_18xx_43xx.o)
                0x000000001a001408                Chip_Clock_GetDividerDivisor
 .text.Chip_Clock_GetClockInputHz
                0x000000001a001440      0x140 ./out/lib/ext_drivers.a(clock_18xx_43xx.o)
                0x000000001a001440                Chip_Clock_GetClockInputHz
 .text.Chip_Clock_GetBaseClocktHz
                0x000000001a001580       0x24 ./out/lib/ext_drivers.a(clock_18xx_43xx.o)
                0x000000001a001580                Chip_Clock_GetBaseClocktHz
 .text.Chip_Clock_SetBaseClock
                0x000000001a0015a4       0x9c ./out/lib/ext_drivers.a(clock_18xx_43xx.o)
                0x000000001a0015a4                Chip_Clock_SetBaseClock
 .text.Chip_Clock_GetBaseClock
                0x000000001a001640       0x4c ./out/lib/ext_drivers.a(clock_18xx_43xx.o)
                0x000000001a001640                Chip_Clock_GetBaseClock
 .text.Chip_Clock_GetRate
                0x000000001a00168c       0x88 ./out/lib/ext_drivers.a(clock_18xx_43xx.o)
                0x000000001a00168c                Chip_Clock_GetRate
 .text.memset   0x000000001a001714       0x94 /usr/bin/../lib/gcc/arm-none-eabi/7.3.1/../../../../arm-none-eabi/lib/thumb/v7e-m/fpv4-sp/softfp/libc.a(lib_a-memset.o)
                0x000000001a001714                memset
 *(.rodata .rodata.* .constdata .constdata.*)
 .rodata        0x000000001a0017a8        0x5 ./out/obj/main.o
 *fill*         0x000000001a0017ad        0x3 ff
 .rodata.ExtRateIn
                0x000000001a0017b0        0x4 ./out/lib/ext_drivers.a(sysinit.o)
                0x000000001a0017b0                ExtRateIn
 .rodata.OscRateIn
                0x000000001a0017b4        0x4 ./out/lib/ext_drivers.a(sysinit.o)
                0x000000001a0017b4                OscRateIn
 .rodata.InitClkStates
                0x000000001a0017b8       0x48 ./out/lib/ext_drivers.a(sysinit_18xx_43xx.o)
 .rodata.periph_to_base
                0x000000001a001800       0x6c ./out/lib/ext_drivers.a(clock_18xx_43xx.o)
 .rodata        0x000000001a00186c        0xa ./out/lib/ext_drivers.a(clock_18xx_43xx.o)
                0x000000001a001878                . = ALIGN (0x4)
 *fill*         0x000000001a001876        0x2 ff

.glue_7         0x000000001a001878        0x0
 .glue_7        0x000000001a001878        0x0 linker stubs

.glue_7t        0x000000001a001878        0x0
 .glue_7t       0x000000001a001878        0x0 linker stubs

.vfp11_veneer   0x000000001a001878        0x0
 .vfp11_veneer  0x000000001a001878        0x0 linker stubs

.v4_bx          0x000000001a001878        0x0
 .v4_bx         0x000000001a001878        0x0 linker stubs

.iplt           0x000000001a001878        0x0
 .iplt          0x000000001a001878        0x0 ./out/obj/lcd.o

.rel.dyn        0x000000001a001878        0x0
 .rel.iplt      0x000000001a001878        0x0 ./out/obj/lcd.o

.ARM.extab
 *(.ARM.extab* .gnu.linkonce.armextab.*)
                0x000000001a001878                __exidx_start = .

.ARM.exidx
 *(.ARM.exidx* .gnu.linkonce.armexidx.*)
                0x000000001a001878                __exidx_end = .
                0x000000001a001878                _etext = .

.data_RAM2      0x0000000010080000        0x0 load address 0x000000001a001878
 FILL mask 0xff
 *(.ramfunc.$RAM2)
 *(.ramfunc.$RamLoc40)
 *(.data.$RAM2*)
 *(.data.$RamLoc40*)
                0x0000000010080000                . = ALIGN (0x4)

.data_RAM3      0x0000000020000000        0x0 load address 0x000000001a001878
 FILL mask 0xff
 *(.ramfunc.$RAM3)
 *(.ramfunc.$RamAHB32)
 *(.data.$RAM3*)
 *(.data.$RamAHB32*)
                0x0000000020000000                . = ALIGN (0x4)

.data_RAM4      0x0000000020008000        0x0 load address 0x000000001a001878
 FILL mask 0xff
 *(.ramfunc.$RAM4)
 *(.ramfunc.$RamAHB16)
 *(.data.$RAM4*)
 *(.data.$RamAHB16*)
                0x0000000020008000                . = ALIGN (0x4)

.data_RAM5      0x000000002000c000        0x0 load address 0x000000001a001878
 FILL mask 0xff
 *(.ramfunc.$RAM5)
 *(.ramfunc.$RamAHB_ETB16)
 *(.data.$RAM5*)
 *(.data.$RamAHB_ETB16*)
                0x000000002000c000                . = ALIGN (0x4)

.uninit_RESERVED
                0x0000000010000000        0x0
 *(.bss.$RESERVED*)
                0x0000000010000000                . = ALIGN (0x4)
                0x0000000010000000                _end_uninit_RESERVED = .

.data           0x0000000010000000        0xc load address 0x000000001a001878
 FILL mask 0xff
                0x0000000010000000                _data = .
 *(vtable)
 *(.ramfunc*)
 *(.data*)
 .data.hora     0x0000000010000000        0x9 ./out/obj/reloj.o
                0x000000001000000c                . = ALIGN (0x4)
 *fill*         0x0000000010000009        0x3 ff
                0x000000001000000c                _edata = .

.igot.plt       0x000000001000000c        0x0 load address 0x000000001a001884
 .igot.plt      0x000000001000000c        0x0 ./out/obj/lcd.o

.bss_RAM2       0x0000000010080000        0x0
 *(.bss.$RAM2*)
 *(.bss.$RamLoc40*)
                0x0000000010080000                . = ALIGN (0x4)

.bss_RAM3       0x0000000020000000        0x0
 *(.bss.$RAM3*)
 *(.bss.$RamAHB32*)
                0x0000000020000000                . = ALIGN (0x4)

.bss_RAM4       0x0000000020008000        0x0
 *(.bss.$RAM4*)
 *(.bss.$RamAHB16*)
                0x0000000020008000                . = ALIGN (0x4)

.bss_RAM5       0x000000002000c000        0x0
 *(.bss.$RAM5*)
 *(.bss.$RamAHB_ETB16*)
                0x000000002000c000                . = ALIGN (0x4)

.bss            0x000000001000000c       0x2c
                0x000000001000000c                _bss = .
 *(.bss*)
 .bss.lcd_mode  0x000000001000000c        0x1 ./out/obj/lcd.o
 *fill*         0x000000001000000d        0x3 
 .bss.msTicks   0x0000000010000010        0x4 ./out/obj/main.o
                0x0000000010000010                msTicks
 .bss.delay_ms  0x0000000010000014        0x4 ./out/obj/main.o
                0x0000000010000014                delay_ms
 .bss.tiempoCumplido
                0x0000000010000018        0x4 ./out/obj/main.o
                0x0000000010000018                tiempoCumplido
 .bss.seg       0x000000001000001c        0x4 ./out/obj/reloj.o
                0x000000001000001c                seg
 .bss.min       0x0000000010000020        0x4 ./out/obj/reloj.o
                0x0000000010000020                min
 .bss.h         0x0000000010000024        0x4 ./out/obj/reloj.o
                0x0000000010000024                h
 .bss.count     0x0000000010000028        0x4 ./out/obj/reloj.o
                0x0000000010000028                count
 .bss.audio_usb_pll_freq
                0x000000001000002c        0x8 ./out/lib/ext_drivers.a(clock_18xx_43xx.o)
 *(COMMON)
 COMMON         0x0000000010000034        0x4 ./out/lib/ext_drivers.a(chip_18xx_43xx.o)
                0x0000000010000034                SystemCoreClock
                0x0000000010000038                . = ALIGN (0x4)
                0x0000000010000038                _ebss = .
                [!provide]                        PROVIDE (end = .)

.noinit_RAM2    0x0000000010080000        0x0
 *(.noinit.$RAM2*)
 *(.noinit.$RamLoc40*)
                0x0000000010080000                . = ALIGN (0x4)

.noinit_RAM3    0x0000000020000000        0x0
 *(.noinit.$RAM3*)
 *(.noinit.$RamAHB32*)
                0x0000000020000000                . = ALIGN (0x4)

.noinit_RAM4    0x0000000020008000        0x0
 *(.noinit.$RAM4*)
 *(.noinit.$RamAHB16*)
                0x0000000020008000                . = ALIGN (0x4)

.noinit_RAM5    0x000000002000c000        0x0
 *(.noinit.$RAM5*)
 *(.noinit.$RamAHB_ETB16*)
                0x000000002000c000                . = ALIGN (0x4)

.noinit         0x0000000010000038        0x0
                0x0000000010000038                _noinit = .
 *(.noinit*)
                0x0000000010000038                . = ALIGN (0x4)
                0x0000000010000038                _end_noinit = .
                [!provide]                        PROVIDE (_pvHeapStart = .)
                0x0000000010008000                PROVIDE (_vStackTop = (__top_RamLoc32 - 0x0))
OUTPUT(./out/bin/Trabajo_Practico_I.axf elf32-littlearm)

.debug_info     0x0000000000000000     0x54c1
 .debug_info    0x0000000000000000      0xbc4 ./out/obj/lcd.o
 .debug_info    0x0000000000000bc4      0xb2e ./out/obj/main.o
 .debug_info    0x00000000000016f2      0x650 ./out/obj/vector.o
 .debug_info    0x0000000000001d42       0xc7 ./out/obj/reloj.o
 .debug_info    0x0000000000001e09       0x3f ./out/obj/crp.o
 .debug_info    0x0000000000001e48      0x1cf ./out/lib/ext_drivers.a(cr_startup_lpc43xx.o)
 .debug_info    0x0000000000002017      0x5ce ./out/lib/ext_drivers.a(sysinit.o)
 .debug_info    0x00000000000025e5      0xa61 ./out/lib/ext_drivers.a(chip_18xx_43xx.o)
 .debug_info    0x0000000000003046      0x453 ./out/lib/ext_drivers.a(gpio_18xx_43xx.o)
 .debug_info    0x0000000000003499      0x93b ./out/lib/ext_drivers.a(sysinit_18xx_43xx.o)
 .debug_info    0x0000000000003dd4      0x13e ./out/lib/ext_drivers.a(fpu_init.o)
 .debug_info    0x0000000000003f12     0x15af ./out/lib/ext_drivers.a(clock_18xx_43xx.o)

.debug_abbrev   0x0000000000000000      0xf10
 .debug_abbrev  0x0000000000000000      0x244 ./out/obj/lcd.o
 .debug_abbrev  0x0000000000000244      0x1bf ./out/obj/main.o
 .debug_abbrev  0x0000000000000403       0xe9 ./out/obj/vector.o
 .debug_abbrev  0x00000000000004ec       0x9e ./out/obj/reloj.o
 .debug_abbrev  0x000000000000058a       0x36 ./out/obj/crp.o
 .debug_abbrev  0x00000000000005c0       0xd8 ./out/lib/ext_drivers.a(cr_startup_lpc43xx.o)
 .debug_abbrev  0x0000000000000698       0xdd ./out/lib/ext_drivers.a(sysinit.o)
 .debug_abbrev  0x0000000000000775      0x166 ./out/lib/ext_drivers.a(chip_18xx_43xx.o)
 .debug_abbrev  0x00000000000008db      0x13f ./out/lib/ext_drivers.a(gpio_18xx_43xx.o)
 .debug_abbrev  0x0000000000000a1a      0x1a3 ./out/lib/ext_drivers.a(sysinit_18xx_43xx.o)
 .debug_abbrev  0x0000000000000bbd       0x84 ./out/lib/ext_drivers.a(fpu_init.o)
 .debug_abbrev  0x0000000000000c41      0x2cf ./out/lib/ext_drivers.a(clock_18xx_43xx.o)

.debug_aranges  0x0000000000000000      0x420
 .debug_aranges
                0x0000000000000000       0xa0 ./out/obj/lcd.o
 .debug_aranges
                0x00000000000000a0       0x48 ./out/obj/main.o
 .debug_aranges
                0x00000000000000e8       0x58 ./out/obj/vector.o
 .debug_aranges
                0x0000000000000140       0x28 ./out/obj/reloj.o
 .debug_aranges
                0x0000000000000168       0x18 ./out/obj/crp.o
 .debug_aranges
                0x0000000000000180       0x30 ./out/lib/ext_drivers.a(cr_startup_lpc43xx.o)
 .debug_aranges
                0x00000000000001b0       0x20 ./out/lib/ext_drivers.a(sysinit.o)
 .debug_aranges
                0x00000000000001d0       0x40 ./out/lib/ext_drivers.a(chip_18xx_43xx.o)
 .debug_aranges
                0x0000000000000210       0x68 ./out/lib/ext_drivers.a(gpio_18xx_43xx.o)
 .debug_aranges
                0x0000000000000278       0x50 ./out/lib/ext_drivers.a(sysinit_18xx_43xx.o)
 .debug_aranges
                0x00000000000002c8       0x20 ./out/lib/ext_drivers.a(fpu_init.o)
 .debug_aranges
                0x00000000000002e8      0x138 ./out/lib/ext_drivers.a(clock_18xx_43xx.o)

.debug_ranges   0x0000000000000000      0x370
 .debug_ranges  0x0000000000000000       0x90 ./out/obj/lcd.o
 .debug_ranges  0x0000000000000090       0x38 ./out/obj/main.o
 .debug_ranges  0x00000000000000c8       0x48 ./out/obj/vector.o
 .debug_ranges  0x0000000000000110       0x18 ./out/obj/reloj.o
 .debug_ranges  0x0000000000000128       0x20 ./out/lib/ext_drivers.a(cr_startup_lpc43xx.o)
 .debug_ranges  0x0000000000000148       0x10 ./out/lib/ext_drivers.a(sysinit.o)
 .debug_ranges  0x0000000000000158       0x30 ./out/lib/ext_drivers.a(chip_18xx_43xx.o)
 .debug_ranges  0x0000000000000188       0x58 ./out/lib/ext_drivers.a(gpio_18xx_43xx.o)
 .debug_ranges  0x00000000000001e0       0x40 ./out/lib/ext_drivers.a(sysinit_18xx_43xx.o)
 .debug_ranges  0x0000000000000220       0x10 ./out/lib/ext_drivers.a(fpu_init.o)
 .debug_ranges  0x0000000000000230      0x140 ./out/lib/ext_drivers.a(clock_18xx_43xx.o)

.debug_macro    0x0000000000000000     0x6002
 .debug_macro   0x0000000000000000      0x322 ./out/obj/lcd.o
 .debug_macro   0x0000000000000322      0xa66 ./out/obj/lcd.o
 .debug_macro   0x0000000000000d88       0x22 ./out/obj/lcd.o
 .debug_macro   0x0000000000000daa       0x8e ./out/obj/lcd.o
 .debug_macro   0x0000000000000e38       0x51 ./out/obj/lcd.o
 .debug_macro   0x0000000000000e89       0xef ./out/obj/lcd.o
 .debug_macro   0x0000000000000f78       0x6a ./out/obj/lcd.o
 .debug_macro   0x0000000000000fe2      0x1df ./out/obj/lcd.o
 .debug_macro   0x00000000000011c1       0xd6 ./out/obj/lcd.o
 .debug_macro   0x0000000000001297       0x10 ./out/obj/lcd.o
 .debug_macro   0x00000000000012a7       0x22 ./out/obj/lcd.o
 .debug_macro   0x00000000000012c9       0x66 ./out/obj/lcd.o
 .debug_macro   0x000000000000132f       0x28 ./out/obj/lcd.o
 .debug_macro   0x0000000000001357       0x3b ./out/obj/lcd.o
 .debug_macro   0x0000000000001392       0x2d ./out/obj/lcd.o
 .debug_macro   0x00000000000013bf       0x42 ./out/obj/lcd.o
 .debug_macro   0x0000000000001401      0xd39 ./out/obj/lcd.o
 .debug_macro   0x000000000000213a      0x2bc ./out/obj/lcd.o
 .debug_macro   0x00000000000023f6      0x112 ./out/obj/lcd.o
 .debug_macro   0x0000000000002508       0x11 ./out/obj/lcd.o
 .debug_macro   0x0000000000002519       0x2a ./out/obj/lcd.o
 .debug_macro   0x0000000000002543       0x16 ./out/obj/lcd.o
 .debug_macro   0x0000000000002559      0x2e6 ./out/obj/lcd.o
 .debug_macro   0x000000000000283f       0x82 ./out/obj/lcd.o
 .debug_macro   0x00000000000028c1      0x13d ./out/obj/lcd.o
 .debug_macro   0x00000000000029fe      0x198 ./out/obj/lcd.o
 .debug_macro   0x0000000000002b96       0x34 ./out/obj/lcd.o
 .debug_macro   0x0000000000002bca       0x58 ./out/obj/lcd.o
 .debug_macro   0x0000000000002c22      0x236 ./out/obj/lcd.o
 .debug_macro   0x0000000000002e58      0x572 ./out/obj/lcd.o
 .debug_macro   0x00000000000033ca       0x16 ./out/obj/lcd.o
 .debug_macro   0x00000000000033e0      0x18a ./out/obj/lcd.o
 .debug_macro   0x000000000000356a       0x88 ./out/obj/lcd.o
 .debug_macro   0x00000000000035f2      0x1b9 ./out/obj/lcd.o
 .debug_macro   0x00000000000037ab      0x1da ./out/obj/lcd.o
 .debug_macro   0x0000000000003985       0x40 ./out/obj/lcd.o
 .debug_macro   0x00000000000039c5       0x1c ./out/obj/lcd.o
 .debug_macro   0x00000000000039e1       0x2e ./out/obj/lcd.o
 .debug_macro   0x0000000000003a0f       0x2e ./out/obj/lcd.o
 .debug_macro   0x0000000000003a3d       0x22 ./out/obj/lcd.o
 .debug_macro   0x0000000000003a5f      0x201 ./out/obj/lcd.o
 .debug_macro   0x0000000000003c60       0xe0 ./out/obj/lcd.o
 .debug_macro   0x0000000000003d40      0x34c ./out/obj/lcd.o
 .debug_macro   0x000000000000408c       0xdc ./out/obj/lcd.o
 .debug_macro   0x0000000000004168       0xc4 ./out/obj/lcd.o
 .debug_macro   0x000000000000422c       0x94 ./out/obj/lcd.o
 .debug_macro   0x00000000000042c0       0xb8 ./out/obj/lcd.o
 .debug_macro   0x0000000000004378       0x4c ./out/obj/lcd.o
 .debug_macro   0x00000000000043c4       0x16 ./out/obj/lcd.o
 .debug_macro   0x00000000000043da      0x328 ./out/obj/lcd.o
 .debug_macro   0x0000000000004702       0x3a ./out/obj/lcd.o
 .debug_macro   0x000000000000473c       0xd0 ./out/obj/lcd.o
 .debug_macro   0x000000000000480c       0x18 ./out/obj/lcd.o
 .debug_macro   0x0000000000004824       0x22 ./out/obj/lcd.o
 .debug_macro   0x0000000000004846       0x40 ./out/obj/lcd.o
 .debug_macro   0x0000000000004886      0x323 ./out/obj/main.o
 .debug_macro   0x0000000000004ba9       0x16 ./out/obj/main.o
 .debug_macro   0x0000000000004bbf       0xdc ./out/obj/main.o
 .debug_macro   0x0000000000004c9b      0x310 ./out/obj/vector.o
 .debug_macro   0x0000000000004fab       0x10 ./out/obj/vector.o
 .debug_macro   0x0000000000004fbb       0x1b ./out/obj/reloj.o
 .debug_macro   0x0000000000004fd6       0x17 ./out/obj/crp.o
 .debug_macro   0x0000000000004fed       0x23 ./out/lib/ext_drivers.a(cr_startup_lpc43xx.o)
 .debug_macro   0x0000000000005010      0x301 ./out/lib/ext_drivers.a(sysinit.o)
 .debug_macro   0x0000000000005311      0x301 ./out/lib/ext_drivers.a(chip_18xx_43xx.o)
 .debug_macro   0x0000000000005612      0x301 ./out/lib/ext_drivers.a(gpio_18xx_43xx.o)
 .debug_macro   0x0000000000005913      0x301 ./out/lib/ext_drivers.a(sysinit_18xx_43xx.o)
 .debug_macro   0x0000000000005c14       0xe7 ./out/lib/ext_drivers.a(fpu_init.o)
 .debug_macro   0x0000000000005cfb      0x307 ./out/lib/ext_drivers.a(clock_18xx_43xx.o)

.debug_line     0x0000000000000000     0x3da2
 .debug_line    0x0000000000000000      0x7d8 ./out/obj/lcd.o
 .debug_line    0x00000000000007d8      0x6b1 ./out/obj/main.o
 .debug_line    0x0000000000000e89      0x64e ./out/obj/vector.o
 .debug_line    0x00000000000014d7       0x92 ./out/obj/reloj.o
 .debug_line    0x0000000000001569       0x4c ./out/obj/crp.o
 .debug_line    0x00000000000015b5       0xe3 ./out/lib/ext_drivers.a(cr_startup_lpc43xx.o)
 .debug_line    0x0000000000001698      0x616 ./out/lib/ext_drivers.a(sysinit.o)
 .debug_line    0x0000000000001cae      0x682 ./out/lib/ext_drivers.a(chip_18xx_43xx.o)
 .debug_line    0x0000000000002330      0x6d3 ./out/lib/ext_drivers.a(gpio_18xx_43xx.o)
 .debug_line    0x0000000000002a03      0x6f0 ./out/lib/ext_drivers.a(sysinit_18xx_43xx.o)
 .debug_line    0x00000000000030f3      0x22e ./out/lib/ext_drivers.a(fpu_init.o)
 .debug_line    0x0000000000003321      0xa81 ./out/lib/ext_drivers.a(clock_18xx_43xx.o)

.debug_str      0x0000000000000000    0x16f22
 .debug_str     0x0000000000000000    0x15bf7 ./out/obj/lcd.o
                                      0x15dff (size before relaxing)
 .debug_str     0x0000000000015bf7      0x480 ./out/obj/main.o
                                      0x16058 (size before relaxing)
 .debug_str     0x0000000000016077       0xac ./out/obj/vector.o
                                      0x15a8c (size before relaxing)
 .debug_str     0x0000000000016123       0x3a ./out/obj/reloj.o
                                       0x2d27 (size before relaxing)
 .debug_str     0x000000000001615d       0x4b ./out/obj/crp.o
                                       0x2d1e (size before relaxing)
 .debug_str     0x00000000000161a8      0x17c ./out/lib/ext_drivers.a(cr_startup_lpc43xx.o)
                                       0x2e67 (size before relaxing)
 .debug_str     0x0000000000016324       0x33 ./out/lib/ext_drivers.a(sysinit.o)
                                      0x15a05 (size before relaxing)
 .debug_str     0x0000000000016357      0x289 ./out/lib/ext_drivers.a(chip_18xx_43xx.o)
                                      0x15d00 (size before relaxing)
 .debug_str     0x00000000000165e0      0x128 ./out/lib/ext_drivers.a(gpio_18xx_43xx.o)
                                      0x1511c (size before relaxing)
 .debug_str     0x0000000000016708      0x209 ./out/lib/ext_drivers.a(sysinit_18xx_43xx.o)
                                      0x15cdf (size before relaxing)
 .debug_str     0x0000000000016911       0xd7 ./out/lib/ext_drivers.a(fpu_init.o)
                                       0x988b (size before relaxing)
 .debug_str     0x00000000000169e8      0x53a ./out/lib/ext_drivers.a(clock_18xx_43xx.o)
                                      0x16289 (size before relaxing)

.comment        0x0000000000000000       0x7f
 .comment       0x0000000000000000       0x7f ./out/obj/lcd.o
                                         0x80 (size before relaxing)
 .comment       0x000000000000007f       0x80 ./out/obj/main.o
 .comment       0x000000000000007f       0x80 ./out/obj/vector.o
 .comment       0x000000000000007f       0x80 ./out/obj/reloj.o
 .comment       0x000000000000007f       0x80 ./out/obj/crp.o
 .comment       0x000000000000007f       0x80 ./out/lib/ext_drivers.a(cr_startup_lpc43xx.o)
 .comment       0x000000000000007f       0x80 ./out/lib/ext_drivers.a(sysinit.o)
 .comment       0x000000000000007f       0x80 ./out/lib/ext_drivers.a(chip_18xx_43xx.o)
 .comment       0x000000000000007f       0x80 ./out/lib/ext_drivers.a(gpio_18xx_43xx.o)
 .comment       0x000000000000007f       0x80 ./out/lib/ext_drivers.a(sysinit_18xx_43xx.o)
 .comment       0x000000000000007f       0x80 ./out/lib/ext_drivers.a(fpu_init.o)
 .comment       0x000000000000007f       0x80 ./out/lib/ext_drivers.a(clock_18xx_43xx.o)

.ARM.attributes
                0x0000000000000000       0x37
 .ARM.attributes
                0x0000000000000000       0x37 ./out/obj/lcd.o
 .ARM.attributes
                0x0000000000000037       0x37 ./out/obj/main.o
 .ARM.attributes
                0x000000000000006e       0x37 ./out/obj/vector.o
 .ARM.attributes
                0x00000000000000a5       0x37 ./out/obj/reloj.o
 .ARM.attributes
                0x00000000000000dc       0x37 ./out/obj/crp.o
 .ARM.attributes
                0x0000000000000113       0x37 ./out/lib/ext_drivers.a(cr_startup_lpc43xx.o)
 .ARM.attributes
                0x000000000000014a       0x37 ./out/lib/ext_drivers.a(sysinit.o)
 .ARM.attributes
                0x0000000000000181       0x37 ./out/lib/ext_drivers.a(chip_18xx_43xx.o)
 .ARM.attributes
                0x00000000000001b8       0x37 ./out/lib/ext_drivers.a(gpio_18xx_43xx.o)
 .ARM.attributes
                0x00000000000001ef       0x37 ./out/lib/ext_drivers.a(sysinit_18xx_43xx.o)
 .ARM.attributes
                0x0000000000000226       0x37 ./out/lib/ext_drivers.a(fpu_init.o)
 .ARM.attributes
                0x000000000000025d       0x37 ./out/lib/ext_drivers.a(clock_18xx_43xx.o)
 .ARM.attributes
                0x0000000000000294       0x32 /usr/bin/../lib/gcc/arm-none-eabi/7.3.1/../../../../arm-none-eabi/lib/thumb/v7e-m/fpv4-sp/softfp/libc.a(lib_a-memset.o)

.debug_frame    0x0000000000000000      0xe04
 .debug_frame   0x0000000000000000      0x260 ./out/obj/lcd.o
 .debug_frame   0x0000000000000260       0xcc ./out/obj/main.o
 .debug_frame   0x000000000000032c       0xd0 ./out/obj/vector.o
 .debug_frame   0x00000000000003fc       0x50 ./out/obj/reloj.o
 .debug_frame   0x000000000000044c       0x80 ./out/lib/ext_drivers.a(cr_startup_lpc43xx.o)
 .debug_frame   0x00000000000004cc       0x34 ./out/lib/ext_drivers.a(sysinit.o)
 .debug_frame   0x0000000000000500       0xa0 ./out/lib/ext_drivers.a(chip_18xx_43xx.o)
 .debug_frame   0x00000000000005a0      0x198 ./out/lib/ext_drivers.a(gpio_18xx_43xx.o)
 .debug_frame   0x0000000000000738       0xf4 ./out/lib/ext_drivers.a(sysinit_18xx_43xx.o)
 .debug_frame   0x000000000000082c       0x38 ./out/lib/ext_drivers.a(fpu_init.o)
 .debug_frame   0x0000000000000864      0x568 ./out/lib/ext_drivers.a(clock_18xx_43xx.o)
 .debug_frame   0x0000000000000dcc       0x38 /usr/bin/../lib/gcc/arm-none-eabi/7.3.1/../../../../arm-none-eabi/lib/thumb/v7e-m/fpv4-sp/softfp/libc.a(lib_a-memset.o)
